$ npm run wp:reconcile

==============================================================
  State Reconciler  [Kubernetes-Style]
==============================================================
  Satisfied : 18  |  Scheduled : 0  |  Uncovered : 0

  SATISFIED (18):
    ✓ dag-wp-scheduler
    ✓ requirements-gap-detector
    ✓ session-health-metrics
    ✓ release-evidence-automation
    ✓ video-domain-stage-a
    ✓ billing-domain-contracts
    ✓ cross-domain-event-bus
    ✓ self-improvement-loop
    ✓ rfc7807-error-standard
    ✓ feature-flag-runtime
    ✓ event-publishing
    ✓ opentelemetry-instrumentation
    ✓ sqlite-persistence
    ✓ wp-queue-ci-validation
    ✓ branch-protection-ci
    ✓ deployment-environment-smoke-runner
    ✓ deployment-environment-binding
    ✓ deployment-environment-provisioning-audit

  ✓ State fully reconciled. No drift detected.
==============================================================